gate run: 9765 calls (7 models x 1407 probes/canaries), resume-skipped 84
  25/9765 C=0 W=16 U=9 E=0
  50/9765 C=0 W=28 U=22 E=0
  75/9765 C=2 W=44 U=29 E=0
  100/9765 C=2 W=57 U=41 E=0
  125/9765 C=2 W=71 U=52 E=0
  150/9765 C=4 W=77 U=69 E=0
  175/9765 C=5 W=91 U=79 E=0
  200/9765 C=6 W=101 U=93 E=0
  225/9765 C=6 W=115 U=104 E=0
  250/9765 C=7 W=129 U=114 E=0
  275/9765 C=7 W=140 U=128 E=0
  300/9765 C=7 W=153 U=140 E=0
  325/9765 C=7 W=167 U=151 E=0
  350/9765 C=7 W=181 U=162 E=0
  375/9765 C=7 W=187 U=181 E=0
  400/9765 C=8 W=200 U=192 E=0
  425/9765 C=9 W=214 U=202 E=0
  450/9765 C=10 W=228 U=212 E=0
  475/9765 C=11 W=243 U=221 E=0
  500/9765 C=13 W=253 U=234 E=0
  525/9765 C=14 W=266 U=245 E=0
  550/9765 C=14 W=283 U=253 E=0
  575/9765 C=14 W=295 U=266 E=0
  600/9765 C=14 W=309 U=277 E=0
  625/9765 C=16 W=323 U=286 E=0
  650/9765 C=18 W=333 U=299 E=0
  675/9765 C=19 W=347 U=309 E=0
  700/9765 C=19 W=368 U=313 E=0
  725/9765 C=19 W=386 U=320 E=0
  750/9765 C=20 W=400 U=330 E=0
  775/9765 C=22 W=412 U=341 E=0
  800/9765 C=23 W=426 U=351 E=0
  825/9765 C=24 W=438 U=363 E=0
  850/9765 C=24 W=449 U=377 E=0
  875/9765 C=25 W=460 U=390 E=0
  900/9765 C=25 W=466 U=409 E=0
  925/9765 C=26 W=476 U=423 E=0
  950/9765 C=30 W=480 U=440 E=0
  975/9765 C=31 W=485 U=459 E=0
  1000/9765 C=31 W=493 U=476 E=0
  1025/9765 C=31 W=509 U=485 E=0
  1050/9765 C=32 W=516 U=502 E=0
  1075/9765 C=32 W=523 U=520 E=0
  1100/9765 C=33 W=531 U=536 E=0
  1125/9765 C=33 W=542 U=550 E=0
  1150/9765 C=34 W=550 U=566 E=0
  1175/9765 C=35 W=557 U=583 E=0
  1200/9765 C=35 W=568 U=597 E=0
  1225/9765 C=35 W=576 U=614 E=0
  1250/9765 C=35 W=590 U=625 E=0
  1275/9765 C=35 W=601 U=639 E=0
  1300/9765 C=37 W=609 U=654 E=0
  1325/9765 C=37 W=626 U=662 E=0
  1350/9765 C=37 W=634 U=679 E=0
  1375/9765 C=37 W=648 U=690 E=0
  1400/9765 C=39 W=659 U=702 E=0
  1425/9765 C=39 W=671 U=715 E=0
  1450/9765 C=40 W=685 U=725 E=0
  1475/9765 C=40 W=696 U=739 E=0
  1500/9765 C=41 W=706 U=753 E=0
  1525/9765 C=41 W=718 U=766 E=0
  1550/9765 C=42 W=730 U=778 E=0
  1575/9765 C=42 W=741 U=792 E=0
  1600/9765 C=42 W=754 U=804 E=0
  1625/9765 C=43 W=768 U=814 E=0
  1650/9765 C=43 W=782 U=825 E=0
  1675/9765 C=44 W=795 U=836 E=0
  1700/9765 C=44 W=813 U=843 E=0
  1725/9765 C=44 W=831 U=850 E=0
  1750/9765 C=44 W=846 U=860 E=0
  1775/9765 C=44 W=853 U=878 E=0
  1800/9765 C=45 W=863 U=892 E=0
  1825/9765 C=46 W=876 U=903 E=0
  1850/9765 C=46 W=891 U=913 E=0
  1875/9765 C=48 W=905 U=922 E=0
  1900/9765 C=48 W=916 U=936 E=0
  1925/9765 C=48 W=923 U=954 E=0
  1950/9765 C=48 W=938 U=964 E=0
  1975/9765 C=48 W=952 U=975 E=0
  2000/9765 C=48 W=967 U=985 E=0
  2025/9765 C=49 W=977 U=999 E=0
  2050/9765 C=51 W=987 U=1012 E=0
  2075/9765 C=52 W=1000 U=1023 E=0
  2100/9765 C=52 W=1009 U=1039 E=0
  2125/9765 C=52 W=1020 U=1053 E=0
  2150/9765 C=52 W=1029 U=1069 E=0
  2175/9765 C=52 W=1045 U=1078 E=0
  2200/9765 C=53 W=1057 U=1090 E=0
  2225/9765 C=53 W=1066 U=1106 E=0
  2250/9765 C=53 W=1079 U=1118 E=0
  2275/9765 C=53 W=1088 U=1134 E=0
  2300/9765 C=53 W=1100 U=1147 E=0
  2325/9765 C=53 W=1115 U=1157 E=0
  2350/9765 C=54 W=1125 U=1171 E=0
  2375/9765 C=55 W=1135 U=1185 E=0
  2400/9765 C=55 W=1150 U=1195 E=0
  2425/9765 C=56 W=1163 U=1206 E=0
  2450/9765 C=57 W=1175 U=1218 E=0
  2475/9765 C=58 W=1185 U=1232 E=0
  2500/9765 C=59 W=1195 U=1246 E=0
  2525/9765 C=59 W=1205 U=1261 E=0
  2550/9765 C=60 W=1220 U=1270 E=0
  2575/9765 C=61 W=1231 U=1283 E=0
  2600/9765 C=61 W=1247 U=1292 E=0
  2625/9765 C=61 W=1260 U=1304 E=0
  2650/9765 C=61 W=1273 U=1316 E=0
  2675/9765 C=62 W=1287 U=1326 E=0
  2700/9765 C=62 W=1298 U=1340 E=0
  2725/9765 C=62 W=1309 U=1354 E=0
  2750/9765 C=63 W=1322 U=1365 E=0
  2775/9765 C=64 W=1338 U=1373 E=0
  2800/9765 C=67 W=1351 U=1382 E=0
  2825/9765 C=68 W=1370 U=1387 E=0
  2850/9765 C=70 W=1391 U=1389 E=0
  2875/9765 C=72 W=1412 U=1391 E=0
  2900/9765 C=72 W=1437 U=1391 E=0
  2925/9765 C=73 W=1460 U=1392 E=0
  2950/9765 C=75 W=1482 U=1393 E=0
  2975/9765 C=77 W=1505 U=1393 E=0
  3000/9765 C=79 W=1527 U=1394 E=0
  3025/9765 C=83 W=1547 U=1395 E=0
  3050/9765 C=87 W=1567 U=1396 E=0
  3075/9765 C=92 W=1586 U=1397 E=0
  3100/9765 C=93 W=1609 U=1398 E=0
  3125/9765 C=93 W=1630 U=1402 E=0
  3150/9765 C=95 W=1652 U=1403 E=0
  3175/9765 C=97 W=1671 U=1407 E=0
  3200/9765 C=101 W=1690 U=1409 E=0
  3225/9765 C=102 W=1714 U=1409 E=0
  3250/9765 C=103 W=1737 U=1410 E=0
  3275/9765 C=104 W=1761 U=1410 E=0
  3300/9765 C=108 W=1782 U=1410 E=0
  3325/9765 C=111 W=1804 U=1410 E=0
  3350/9765 C=114 W=1825 U=1411 E=0
  3375/9765 C=119 W=1844 U=1412 E=0
  3400/9765 C=121 W=1867 U=1412 E=0
  3425/9765 C=123 W=1889 U=1413 E=0
  3450/9765 C=125 W=1912 U=1413 E=0
  3475/9765 C=126 W=1934 U=1415 E=0
  3500/9765 C=129 W=1954 U=1417 E=0
  3525/9765 C=130 W=1977 U=1418 E=0
  3550/9765 C=132 W=1999 U=1419 E=0
  3575/9765 C=135 W=2020 U=1420 E=0
  3600/9765 C=137 W=2041 U=1422 E=0
  3625/9765 C=139 W=2063 U=1423 E=0
  3650/9765 C=139 W=2085 U=1426 E=0
  3675/9765 C=141 W=2107 U=1427 E=0
  3700/9765 C=143 W=2126 U=1431 E=0
  3725/9765 C=146 W=2144 U=1435 E=0
  3750/9765 C=148 W=2164 U=1438 E=0
  3775/9765 C=150 W=2183 U=1442 E=0
  3800/9765 C=153 W=2203 U=1444 E=0
  3825/9765 C=155 W=2226 U=1444 E=0
  3850/9765 C=163 W=2242 U=1445 E=0
  3875/9765 C=164 W=2266 U=1445 E=0
  3900/9765 C=164 W=2291 U=1445 E=0
  3925/9765 C=165 W=2310 U=1450 E=0
  3950/9765 C=172 W=2327 U=1451 E=0
  3975/9765 C=175 W=2349 U=1451 E=0
  4000/9765 C=176 W=2372 U=1452 E=0
  4025/9765 C=181 W=2392 U=1452 E=0
  4050/9765 C=182 W=2414 U=1454 E=0
  4075/9765 C=183 W=2435 U=1457 E=0
  4100/9765 C=183 W=2458 U=1459 E=0
  4125/9765 C=184 W=2479 U=1462 E=0
  4150/9765 C=186 W=2498 U=1466 E=0
  4175/9765 C=189 W=2520 U=1466 E=0
  4200/9765 C=191 W=2536 U=1473 E=0
  4225/9765 C=192 W=2558 U=1475 E=0
  4250/9765 C=196 W=2577 U=1477 E=0
  4275/9765 C=200 W=2598 U=1477 E=0
  4300/9765 C=202 W=2621 U=1477 E=0
  4325/9765 C=206 W=2642 U=1477 E=0
  4350/9765 C=209 W=2664 U=1477 E=0
  4375/9765 C=213 W=2685 U=1477 E=0
  4400/9765 C=217 W=2705 U=1478 E=0
  4425/9765 C=228 W=2719 U=1478 E=0
  4450/9765 C=232 W=2740 U=1478 E=0
  4475/9765 C=236 W=2761 U=1478 E=0
  4500/9765 C=241 W=2781 U=1478 E=0
  4525/9765 C=245 W=2799 U=1481 E=0
  4550/9765 C=247 W=2820 U=1483 E=0
  4575/9765 C=252 W=2838 U=1485 E=0
  4600/9765 C=257 W=2858 U=1485 E=0
  4625/9765 C=262 W=2877 U=1486 E=0
  4650/9765 C=268 W=2895 U=1487 E=0
  4675/9765 C=270 W=2916 U=1489 E=0
  4700/9765 C=276 W=2933 U=1491 E=0
  4725/9765 C=280 W=2954 U=1491 E=0
  4750/9765 C=283 W=2976 U=1491 E=0
  4775/9765 C=288 W=2996 U=1491 E=0
  4800/9765 C=289 W=3018 U=1493 E=0
  4825/9765 C=292 W=3039 U=1494 E=0
  4850/9765 C=297 W=3058 U=1495 E=0
  4875/9765 C=302 W=3077 U=1496 E=0
  4900/9765 C=305 W=3096 U=1499 E=0
  4925/9765 C=309 W=3115 U=1501 E=0
  4950/9765 C=312 W=3136 U=1502 E=0
  4975/9765 C=319 W=3154 U=1502 E=0
  5000/9765 C=320 W=3178 U=1502 E=0
  5025/9765 C=324 W=3199 U=1502 E=0
  5050/9765 C=326 W=3222 U=1502 E=0
  5075/9765 C=328 W=3244 U=1503 E=0
  5100/9765 C=333 W=3263 U=1504 E=0
  5125/9765 C=338 W=3283 U=1504 E=0
  5150/9765 C=339 W=3306 U=1505 E=0
  5175/9765 C=340 W=3329 U=1506 E=0
  5200/9765 C=344 W=3350 U=1506 E=0
  5225/9765 C=352 W=3364 U=1509 E=0
  5250/9765 C=363 W=3375 U=1512 E=0
  5275/9765 C=367 W=3396 U=1512 E=0
  5300/9765 C=369 W=3417 U=1514 E=0
  5325/9765 C=373 W=3437 U=1515 E=0
  5350/9765 C=378 W=3457 U=1515 E=0
  5375/9765 C=381 W=3477 U=1517 E=0
  5400/9765 C=382 W=3499 U=1519 E=0
  5425/9765 C=385 W=3521 U=1519 E=0
  5450/9765 C=390 W=3541 U=1519 E=0
  5475/9765 C=396 W=3559 U=1520 E=0
  5500/9765 C=399 W=3580 U=1521 E=0
  5525/9765 C=402 W=3599 U=1524 E=0
  5550/9765 C=407 W=3618 U=1525 E=0
  5575/9765 C=413 W=3634 U=1528 E=0
  5600/9765 C=417 W=3646 U=1537 E=0
  5625/9765 C=418 W=3656 U=1551 E=0
  5650/9765 C=420 W=3673 U=1557 E=0
  5675/9765 C=423 W=3682 U=1570 E=0
  5700/9765 C=425 W=3696 U=1579 E=0
  5725/9765 C=427 W=3711 U=1587 E=0
  5750/9765 C=427 W=3728 U=1595 E=0
  5775/9765 C=430 W=3744 U=1601 E=0
  5800/9765 C=433 W=3758 U=1609 E=0
  5825/9765 C=436 W=3775 U=1614 E=0
  5850/9765 C=439 W=3786 U=1625 E=0
  5875/9765 C=439 W=3800 U=1636 E=0
  5900/9765 C=442 W=3819 U=1639 E=0
  5925/9765 C=444 W=3835 U=1646 E=0
  5950/9765 C=447 W=3850 U=1653 E=0
  5975/9765 C=451 W=3865 U=1659 E=0
  6000/9765 C=454 W=3879 U=1667 E=0
  6025/9765 C=456 W=3895 U=1674 E=0
  6050/9765 C=458 W=3909 U=1683 E=0
  6075/9765 C=461 W=3927 U=1687 E=0
  6100/9765 C=466 W=3941 U=1693 E=0
  6125/9765 C=467 W=3953 U=1705 E=0
  6150/9765 C=468 W=3965 U=1717 E=0
  6175/9765 C=471 W=3981 U=1723 E=0
  6200/9765 C=474 W=4000 U=1726 E=0
  6225/9765 C=474 W=4020 U=1731 E=0
  6250/9765 C=479 W=4033 U=1738 E=0
  6275/9765 C=480 W=4049 U=1746 E=0
  6300/9765 C=480 W=4062 U=1758 E=0
  6325/9765 C=482 W=4079 U=1764 E=0
  6350/9765 C=486 W=4093 U=1771 E=0
  6375/9765 C=488 W=4107 U=1780 E=0
  6400/9765 C=490 W=4124 U=1786 E=0
  6425/9765 C=491 W=4136 U=1798 E=0
  6450/9765 C=491 W=4151 U=1808 E=0
  6475/9765 C=491 W=4166 U=1818 E=0
  6500/9765 C=492 W=4183 U=1825 E=0
  6525/9765 C=495 W=4199 U=1831 E=0
  6550/9765 C=495 W=4216 U=1839 E=0
  6575/9765 C=496 W=4230 U=1849 E=0
  6600/9765 C=498 W=4247 U=1855 E=0
  6625/9765 C=505 W=4260 U=1860 E=0
  6650/9765 C=509 W=4275 U=1866 E=0
  6675/9765 C=511 W=4292 U=1872 E=0
  6700/9765 C=512 W=4311 U=1877 E=0
  6725/9765 C=516 W=4329 U=1880 E=0
  6750/9765 C=517 W=4340 U=1893 E=0
  6775/9765 C=517 W=4355 U=1903 E=0
  6800/9765 C=518 W=4373 U=1909 E=0
  6825/9765 C=519 W=4394 U=1912 E=0
  6850/9765 C=522 W=4408 U=1920 E=0
  6875/9765 C=524 W=4424 U=1927 E=0
  6900/9765 C=526 W=4438 U=1936 E=0
  6925/9765 C=528 W=4452 U=1945 E=0
  6950/9765 C=531 W=4469 U=1950 E=0
  6975/9765 C=533 W=4489 U=1953 E=0
  7000/9765 C=535 W=4502 U=1963 E=0
  7025/9765 C=536 W=4520 U=1969 E=0
  7050/9765 C=539 W=4537 U=1974 E=0
  7075/9765 C=542 W=4554 U=1979 E=0
  7100/9765 C=544 W=4571 U=1985 E=0
  7125/9765 C=548 W=4586 U=1991 E=0
  7150/9765 C=548 W=4606 U=1996 E=0
  7175/9765 C=549 W=4619 U=2007 E=0
  7200/9765 C=553 W=4635 U=2012 E=0
  7225/9765 C=555 W=4647 U=2023 E=0
  7250/9765 C=560 W=4664 U=2026 E=0
  7275/9765 C=562 W=4678 U=2035 E=0
  7300/9765 C=563 W=4701 U=2036 E=0
  7325/9765 C=564 W=4723 U=2038 E=0
  7350/9765 C=565 W=4740 U=2045 E=0
  7375/9765 C=570 W=4749 U=2056 E=0
  7400/9765 C=573 W=4761 U=2066 E=0
  7425/9765 C=576 W=4780 U=2069 E=0
  7450/9765 C=580 W=4796 U=2074 E=0
  7475/9765 C=583 W=4813 U=2079 E=0
  7500/9765 C=587 W=4828 U=2085 E=0
  7525/9765 C=589 W=4844 U=2092 E=0
  7550/9765 C=591 W=4863 U=2096 E=0
  7575/9765 C=594 W=4882 U=2099 E=0
  7600/9765 C=596 W=4900 U=2104 E=0
  7625/9765 C=596 W=4918 U=2111 E=0
  7650/9765 C=599 W=4936 U=2115 E=0
  7675/9765 C=603 W=4949 U=2123 E=0
  7700/9765 C=606 W=4966 U=2128 E=0
  7725/9765 C=608 W=4984 U=2133 E=0
  7750/9765 C=611 W=5001 U=2138 E=0
  7775/9765 C=612 W=5017 U=2146 E=0
  7800/9765 C=612 W=5039 U=2149 E=0
  7825/9765 C=615 W=5059 U=2151 E=0
  7850/9765 C=618 W=5074 U=2158 E=0
  7875/9765 C=619 W=5092 U=2164 E=0
  7900/9765 C=621 W=5108 U=2171 E=0
  7925/9765 C=622 W=5130 U=2173 E=0
  7950/9765 C=624 W=5146 U=2180 E=0
  7975/9765 C=627 W=5164 U=2184 E=0
  8000/9765 C=629 W=5179 U=2192 E=0
  8025/9765 C=634 W=5194 U=2197 E=0
  8050/9765 C=636 W=5211 U=2203 E=0
  8075/9765 C=638 W=5227 U=2210 E=0
  8100/9765 C=639 W=5244 U=2217 E=0
  8125/9765 C=645 W=5258 U=2222 E=0
  8150/9765 C=648 W=5273 U=2229 E=0
  8175/9765 C=650 W=5290 U=2235 E=0
  8200/9765 C=651 W=5310 U=2239 E=0
  8225/9765 C=652 W=5332 U=2241 E=0
  8250/9765 C=656 W=5349 U=2245 E=0
  8275/9765 C=658 W=5361 U=2256 E=0
  8300/9765 C=658 W=5381 U=2261 E=0
  8325/9765 C=662 W=5397 U=2266 E=0
  8350/9765 C=664 W=5415 U=2271 E=0
  8375/9765 C=666 W=5431 U=2278 E=0
  8400/9765 C=667 W=5433 U=2300 E=0
  8425/9765 C=670 W=5445 U=2310 E=0
  8450/9765 C=670 W=5456 U=2324 E=0
  8475/9765 C=672 W=5466 U=2337 E=0
  8500/9765 C=672 W=5476 U=2352 E=0
  8525/9765 C=674 W=5492 U=2359 E=0
  8550/9765 C=677 W=5507 U=2366 E=0
  8575/9765 C=679 W=5519 U=2377 E=0
  8600/9765 C=681 W=5530 U=2389 E=0
Traceback (most recent call last):
  File "/home/frank/research/wave-consensus/tools/corpus_v2/gate_run.py", line 387, in <module>
    main()
    ~~~~^^
  File "/home/frank/research/wave-consensus/tools/corpus_v2/gate_run.py", line 356, in main
    list(ex.map(work, tasks))
    ~~~~^^^^^^^^^^^^^^^^^^^^^
  File "/usr/lib64/python3.13/concurrent/futures/_base.py", line 619, in result_iterator
    yield _result_or_cancel(fs.pop())
          ~~~~~~~~~~~~~~~~~^^^^^^^^^^
  File "/usr/lib64/python3.13/concurrent/futures/_base.py", line 317, in _result_or_cancel
    return fut.result(timeout)
           ~~~~~~~~~~^^^^^^^^^
  File "/usr/lib64/python3.13/concurrent/futures/_base.py", line 449, in result
    return self.__get_result()
           ~~~~~~~~~~~~~~~~~^^
  File "/usr/lib64/python3.13/concurrent/futures/_base.py", line 401, in __get_result
    raise self._exception
  File "/usr/lib64/python3.13/concurrent/futures/thread.py", line 59, in run
    result = self.fn(*self.args, **self.kwargs)
  File "/home/frank/research/wave-consensus/tools/corpus_v2/gate_run.py", line 323, in work
    text, err = ask(args.host, int(port), model, probe["q"])
                ~~~^^^^^^^^^^^^^^^^^^^^^^^^^^^^^^^^^^^^^^^^^
  File "/home/frank/research/wave-consensus/tools/corpus_v2/gate_run.py", line 197, in ask
    message = data["choices"][0].get("message", {})
              ~~~~^^^^^^^^^^^
KeyError: 'choices'
