[phi-4-mini-instruct] 200/8000 missing=0 rate=0.45/s eta=291m
[phi-4-mini-instruct] 400/8000 missing=1 rate=0.44/s eta=288m
[phi-4-mini-instruct] 600/8000 missing=2 rate=0.44/s eta=278m
[phi-4-mini-instruct] 800/8000 missing=2 rate=0.45/s eta=269m
[phi-4-mini-instruct] 1000/8000 missing=2 rate=0.45/s eta=262m
[phi-4-mini-instruct] 1200/8000 missing=3 rate=0.45/s eta=254m
[phi-4-mini-instruct] 1400/8000 missing=3 rate=0.45/s eta=246m
[phi-4-mini-instruct] 1600/8000 missing=4 rate=0.45/s eta=238m
[phi-4-mini-instruct] 1800/8000 missing=4 rate=0.45/s eta=229m
[phi-4-mini-instruct] 2000/8000 missing=5 rate=0.45/s eta=222m
[phi-4-mini-instruct] 2200/8000 missing=6 rate=0.45/s eta=214m
[phi-4-mini-instruct] 2400/8000 missing=6 rate=0.45/s eta=206m
[phi-4-mini-instruct] 2600/8000 missing=7 rate=0.45/s eta=198m
[phi-4-mini-instruct] 2800/8000 missing=7 rate=0.45/s eta=191m
[phi-4-mini-instruct] 3000/8000 missing=7 rate=0.45/s eta=184m
[phi-4-mini-instruct] 3200/8000 missing=8 rate=0.45/s eta=177m
[phi-4-mini-instruct] 3400/8000 missing=8 rate=0.45/s eta=170m
[phi-4-mini-instruct] 3600/8000 missing=8 rate=0.45/s eta=163m
[phi-4-mini-instruct] 3800/8000 missing=9 rate=0.45/s eta=156m
[phi-4-mini-instruct] 4000/8000 missing=9 rate=0.45/s eta=149m
[phi-4-mini-instruct] 4200/8000 missing=9 rate=0.45/s eta=141m
[phi-4-mini-instruct] 4400/8000 missing=9 rate=0.45/s eta=134m
[phi-4-mini-instruct] 4600/8000 missing=9 rate=0.45/s eta=126m
[phi-4-mini-instruct] 4800/8000 missing=9 rate=0.45/s eta=119m
[phi-4-mini-instruct] 5000/8000 missing=9 rate=0.45/s eta=111m
[phi-4-mini-instruct] 5200/8000 missing=9 rate=0.45/s eta=104m
[phi-4-mini-instruct] 5400/8000 missing=9 rate=0.45/s eta=97m
[phi-4-mini-instruct] 5600/8000 missing=10 rate=0.45/s eta=89m
[phi-4-mini-instruct] 5800/8000 missing=10 rate=0.45/s eta=82m
[phi-4-mini-instruct] 6000/8000 missing=10 rate=0.45/s eta=74m
[phi-4-mini-instruct] 6200/8000 missing=12 rate=0.45/s eta=67m
[phi-4-mini-instruct] 6400/8000 missing=12 rate=0.45/s eta=60m
[phi-4-mini-instruct] 6600/8000 missing=13 rate=0.45/s eta=52m
[phi-4-mini-instruct] 6800/8000 missing=13 rate=0.45/s eta=45m
[phi-4-mini-instruct] 7000/8000 missing=13 rate=0.45/s eta=37m
[phi-4-mini-instruct] 7200/8000 missing=13 rate=0.45/s eta=30m
[phi-4-mini-instruct] 7400/8000 missing=13 rate=0.45/s eta=22m
[phi-4-mini-instruct] 7600/8000 missing=13 rate=0.45/s eta=15m
[phi-4-mini-instruct] 7800/8000 missing=13 rate=0.45/s eta=7m
[phi-4-mini-instruct] 8000/8000 missing=13 rate=0.45/s eta=0m
[phi-4-mini-instruct] done: 8000 new rows, 13 missing, 17819s
manifest written
[phi-4-mini-instruct__votes_only] 200/8000 missing=0 rate=1.05/s eta=124m
[phi-4-mini-instruct__votes_only] 400/8000 missing=0 rate=0.97/s eta=130m
[phi-4-mini-instruct__votes_only] 600/8000 missing=0 rate=0.96/s eta=128m
[phi-4-mini-instruct__votes_only] 800/8000 missing=0 rate=0.96/s eta=125m
[phi-4-mini-instruct__votes_only] 1000/8000 missing=0 rate=0.96/s eta=121m
[phi-4-mini-instruct__votes_only] 1200/8000 missing=0 rate=0.97/s eta=117m
[phi-4-mini-instruct__votes_only] 1400/8000 missing=0 rate=0.97/s eta=113m
[phi-4-mini-instruct__votes_only] 1600/8000 missing=0 rate=0.97/s eta=110m
[phi-4-mini-instruct__votes_only] 1800/8000 missing=0 rate=0.98/s eta=106m
[phi-4-mini-instruct__votes_only] 2000/8000 missing=0 rate=0.98/s eta=102m
[phi-4-mini-instruct__votes_only] 2200/8000 missing=0 rate=0.98/s eta=99m
[phi-4-mini-instruct__votes_only] 2400/8000 missing=0 rate=0.98/s eta=95m
[phi-4-mini-instruct__votes_only] 2600/8000 missing=0 rate=0.98/s eta=92m
[phi-4-mini-instruct__votes_only] 2800/8000 missing=0 rate=0.98/s eta=88m
[phi-4-mini-instruct__votes_only] 3000/8000 missing=0 rate=0.98/s eta=85m
[phi-4-mini-instruct__votes_only] 3200/8000 missing=0 rate=0.98/s eta=82m
[phi-4-mini-instruct__votes_only] 3400/8000 missing=0 rate=0.97/s eta=79m
[phi-4-mini-instruct__votes_only] 3600/8000 missing=0 rate=0.97/s eta=76m
[phi-4-mini-instruct__votes_only] 3800/8000 missing=0 rate=0.96/s eta=73m
[phi-4-mini-instruct__votes_only] 4000/8000 missing=0 rate=0.96/s eta=70m
[phi-4-mini-instruct__votes_only] 4200/8000 missing=0 rate=0.96/s eta=66m
[phi-4-mini-instruct__votes_only] 4400/8000 missing=0 rate=0.96/s eta=63m
[phi-4-mini-instruct__votes_only] 4600/8000 missing=0 rate=0.96/s eta=59m
[phi-4-mini-instruct__votes_only] 4800/8000 missing=0 rate=0.96/s eta=56m
[phi-4-mini-instruct__votes_only] 5000/8000 missing=0 rate=0.96/s eta=52m
[phi-4-mini-instruct__votes_only] 5200/8000 missing=0 rate=0.95/s eta=49m
[phi-4-mini-instruct__votes_only] 5400/8000 missing=0 rate=0.95/s eta=45m
[phi-4-mini-instruct__votes_only] 5600/8000 missing=0 rate=0.95/s eta=42m
[phi-4-mini-instruct__votes_only] 5800/8000 missing=0 rate=0.95/s eta=39m
[phi-4-mini-instruct__votes_only] 6000/8000 missing=0 rate=0.95/s eta=35m
[phi-4-mini-instruct__votes_only] 6200/8000 missing=0 rate=0.95/s eta=32m
[phi-4-mini-instruct__votes_only] 6400/8000 missing=0 rate=0.96/s eta=28m
[phi-4-mini-instruct__votes_only] 6600/8000 missing=0 rate=0.96/s eta=24m
[phi-4-mini-instruct__votes_only] 6800/8000 missing=0 rate=0.97/s eta=21m
[phi-4-mini-instruct__votes_only] 7000/8000 missing=0 rate=0.98/s eta=17m
[phi-4-mini-instruct__votes_only] 7200/8000 missing=0 rate=0.98/s eta=14m
[phi-4-mini-instruct__votes_only] 7400/8000 missing=0 rate=0.99/s eta=10m
[phi-4-mini-instruct__votes_only] 7600/8000 missing=0 rate=0.99/s eta=7m
[phi-4-mini-instruct__votes_only] 7800/8000 missing=0 rate=1.00/s eta=3m
[phi-4-mini-instruct__votes_only] 8000/8000 missing=0 rate=1.00/s eta=0m
[phi-4-mini-instruct__votes_only] done: 8000 new rows, 0 missing, 7996s
manifest written
[phi-4-mini-instruct] done: 13 new rows, 13 missing, 20s
manifest written
[phi-4-mini-instruct__votes_only] done: 0 new rows, 0 missing, 0s
manifest written
